#
# There is insufficient memory for the Java Runtime Environment to continue.
# Native memory allocation (mmap) failed to map 121634816 bytes. Error detail: G1 virtual space
# Possible reasons:
#   The system is out of physical RAM or swap space
#   This process is running with CompressedOops enabled, and the Java Heap may be blocking the growth of the native heap
# Possible solutions:
#   Reduce memory load on the system
#   Increase physical memory or swap space
#   Check if swap backing store is full
#   Decrease Java heap size (-Xmx/-Xms)
#   Decrease number of Java threads
#   Decrease Java thread stack sizes (-Xss)
#   Set larger code cache with -XX:ReservedCodeCacheSize=
#   JVM is running with Unscaled Compressed Oops mode in which the Java heap is
#     placed in the first 4GB address space. The Java Heap base address is the
#     maximum limit for the native heap growth. Please use -XX:HeapBaseMinAddress
#     to set the Java Heap base and to place the Java Heap above 4GB virtual address.
# This output file may be truncated or incomplete.
#
#  Out of Memory Error (os_windows.cpp:3554), pid=7428, tid=20084
#
# JRE version:  (25.0.3+9) (build )
# Java VM: OpenJDK 64-Bit Server VM (25.0.3+9-LTS, mixed mode, sharing, tiered, compressed oops, compressed class ptrs, g1 gc, windows-amd64)
# No core dump will be written. Minidumps are not enabled by default on client versions of Windows
#

---------------  S U M M A R Y ------------

Command Line: -Djava.awt.headless=true -Dmaven.defaultProjectBuilder.disableGlobalModelCache=true -Ddelegate.ssl.to.ide=true -Didea.version=2026.1.3 -Didea.maven.embedder.version=3.9.11 -Xmx768m -Dsun.rmi.server.exceptionTrace=true -Dmaven.ext.class.path=C:\Users\ELCOT\IntelliJ IDEA 2026.1.3\plugins\maven\lib\intellij.maven.rt\maven-event-listener.jar -Dfile.encoding=UTF-8 -Dsun.stdout.encoding=UTF-8 -Dsun.stderr.encoding=UTF-8 org.jetbrains.idea.maven.server.RemoteMavenServer36

Host: AMD Ryzen 3 7320U with Radeon Graphics         , 8 cores, 7G,  Windows 11 , 64 bit Build 26100 (10.0.26100.8521)
Time: Mon Jun 29 21:24:37 2026 India Standard Time elapsed time: 0.085766 seconds (0d 0h 0m 0s)

---------------  T H R E A D  ---------------

Current thread (0x000001c499149710):  JavaThread "Unknown thread" [_thread_in_vm, id=20084, stack(0x000000bd22d00000,0x000000bd22e00000) (1024K)]

Stack: [0x000000bd22d00000,0x000000bd22e00000]
Native frames: (J=compiled Java code, j=interpreted, Vv=VM code, C=native code)
V  [jvm.dll+0x7aa709]  (no source info available)
V  [jvm.dll+0x7749ed]  (no source info available)
V  [jvm.dll+0x9f7433]  (no source info available)
V  [jvm.dll+0x9f9a21]  (no source info available)
V  [jvm.dll+0x9fa133]  (no source info available)
V  [jvm.dll+0x2fd266]  (no source info available)
V  [jvm.dll+0x7a6935]  (no source info available)
V  [jvm.dll+0x799d87]  (no source info available)
V  [jvm.dll+0x3f5d88]  (no source info available)
V  [jvm.dll+0x3fdcf6]  (no source info available)
V  [jvm.dll+0x3ea45e]  (no source info available)
V  [jvm.dll+0x3ea718]  (no source info available)
V  [jvm.dll+0x3c1575]  (no source info available)
V  [jvm.dll+0x3c21fe]  (no source info available)
V  [jvm.dll+0x9be2b4]  (no source info available)
V  [jvm.dll+0x45a9b2]  (no source info available)
V  [jvm.dll+0x9a20e2]  (no source info available)
V  [jvm.dll+0x4fb801]  (no source info available)
V  [jvm.dll+0x4fd0f1]  (no source info available)
C  [jli.dll+0x5406]  (no source info available)
C  [ucrtbase.dll+0x2cd30]  (no source info available)
C  [KERNEL32.DLL+0x2e957]  (no source info available)
C  [ntdll.dll+0x87c1c]  (no source info available)

Lock stack of current Java thread (top to bottom):


---------------  P R O C E S S  ---------------

Threads class SMR info:
_java_thread_list=0x00007ffbf5761008, length=0, elements={
}

Java Threads: ( => current thread )
Total: 0

Other Threads:
  0x000001c49b511440 WorkerThread "GC Thread#0"                     [id=9232, stack(0x000000bd22e00000,0x000000bd22f00000) (1024K)]
  0x000001c49b51c360 ConcurrentGCThread "G1 Main Marker"            [id=20332, stack(0x000000bd22f00000,0x000000bd23000000) (1024K)]
  0x000001c49b51cf00 WorkerThread "G1 Conc#0"                       [id=2976, stack(0x000000bd23000000,0x000000bd23100000) (1024K)]

[error occurred during error reporting (printing all threads), id 0xc0000005, EXCEPTION_ACCESS_VIOLATION (0xc0000005) at pc=0x00007ffbf4d8646a]
VM state: not at safepoint (not fully initialized)

VM Mutex/Monitor currently owned by a thread:  ([mutex/lock_event])
[0x00007ffbf57e9828] Heap_lock - owner thread: 0x000001c499149710

Heap address: 0x00000000d0000000, size: 768 MB, Compressed Oops mode: 32-bit

CDS archive(s) mapped at: [0x0000000000000000-0x0000000000000000-0x0000000000000000), size 0, SharedBaseAddress: 0x0000000800000000, ArchiveRelocationMode: 1.
UseCompressedClassPointers 1, UseCompactObjectHeaders 0
Narrow klass pointer bits 32, Max shift 3
Narrow klass base: 0xffffffffffffffff, Narrow klass shift: -1
Encoding Range: [0xffffffffffffffff - 0x000000007fffffff), (2147483648 bytes)
Klass Range:    [0x0000000000000000 - 0x0000000000000000), (0 bytes)
Klass ID Range:  [4294967295 - 0) (1)
No protection zone.

GC Precious Log:
 CardTable entry size: 512
 Card Set container configuration: InlinePtr #cards 5 size 8 Array Of Cards #cards 10 size 36 Howl #buckets 4 coarsen threshold 1843 Howl Bitmap #cards 512 size 80 coarsen threshold 460 Card regions per heap region 1 cards per card region 2048

Heap:
 garbage-first heap   total reserved 786432K, committed 0K, used 0K [0x00000000d0000000, 0x0000000100000000)
  region size 1024K, 0 young (0K), 0 survivors (0K)

Heap Regions: E=young(eden), S=young(survivor), O=old, HS=humongous(starts), HC=humongous(continues), CS=collection set, F=free, TAMS=top-at-mark-start, PB=parsable bottom

Card table byte_map: [0x000001c4b34b0000,0x000001c4b3630000] _byte_map_base: 0x000001c4b2e30000

Marking Bits: (CMBitMap*) 0x000001c49b511bd0
 Bits: [0x000001c4b3630000, 0x000001c4b4230000)

GC Heap Usage History (0 events):
No events

Metaspace Usage History (0 events):
No events

Dll operation events (1 events):
Event: 0.060 Loaded shared library C:\Program Files\Eclipse Adoptium\jdk-25.0.3.9-hotspot\bin\java.dll

Deoptimization events (0 events):
No events

Classes loaded (0 events):
No events

Classes unloaded (0 events):
No events

Classes redefined (0 events):
No events

Internal exceptions (0 events):
No events

VM Operations (0 events):
No events

Memory protections (0 events):
No events

Nmethod flushes (0 events):
No events

Events (0 events):
No events


Dynamic libraries:
0x00007ff778630000 - 0x00007ff77863e000 	C:\Program Files\Eclipse Adoptium\jdk-25.0.3.9-hotspot\bin\java.exe
0x00007ffc89c00000 - 0x00007ffc89e66000 	C:\windows\SYSTEM32\ntdll.dll
0x00007ffc88030000 - 0x00007ffc880f9000 	C:\windows\System32\KERNEL32.DLL
0x00007ffc87010000 - 0x00007ffc8740a000 	C:\windows\System32\KERNELBASE.dll
0x00007ffc86e90000 - 0x00007ffc86fdc000 	C:\windows\System32\ucrtbase.dll
0x00007ffc76dd0000 - 0x00007ffc76de6000 	C:\Program Files\Eclipse Adoptium\jdk-25.0.3.9-hotspot\bin\jli.dll
0x00007ffc76df0000 - 0x00007ffc76e0e000 	C:\Program Files\Eclipse Adoptium\jdk-25.0.3.9-hotspot\bin\VCRUNTIME140.dll
0x00007ffc88180000 - 0x00007ffc88347000 	C:\windows\System32\USER32.dll
0x00007ffc86fe0000 - 0x00007ffc87007000 	C:\windows\System32\win32u.dll
0x00007ffc883e0000 - 0x00007ffc8840b000 	C:\windows\System32\GDI32.dll
0x00007ffc87410000 - 0x00007ffc8753b000 	C:\windows\System32\gdi32full.dll
0x00007ffc878c0000 - 0x00007ffc87963000 	C:\windows\System32\msvcp_win.dll
0x00007ffc75750000 - 0x00007ffc759e2000 	C:\windows\WinSxS\amd64_microsoft.windows.common-controls_6595b64144ccf1df_6.0.26100.8521_none_3e08b75ce33403b3\COMCTL32.dll
0x00007ffc89280000 - 0x00007ffc89329000 	C:\windows\System32\msvcrt.dll
0x00007ffc888d0000 - 0x00007ffc88902000 	C:\windows\System32\IMM32.DLL
0x00007ffc7e540000 - 0x00007ffc7e54c000 	C:\Program Files\Eclipse Adoptium\jdk-25.0.3.9-hotspot\bin\vcruntime140_1.dll
0x00007ffc53520000 - 0x00007ffc535ad000 	C:\Program Files\Eclipse Adoptium\jdk-25.0.3.9-hotspot\bin\msvcp140.dll
0x00007ffbf49b0000 - 0x00007ffbf58da000 	C:\Program Files\Eclipse Adoptium\jdk-25.0.3.9-hotspot\bin\server\jvm.dll
0x00007ffc885f0000 - 0x00007ffc886a6000 	C:\windows\System32\ADVAPI32.dll
0x00007ffc88910000 - 0x00007ffc889ba000 	C:\windows\System32\sechost.dll
0x00007ffc88db0000 - 0x00007ffc88ec8000 	C:\windows\System32\RPCRT4.dll
0x00007ffc88760000 - 0x00007ffc887e0000 	C:\windows\System32\WS2_32.dll
0x00007ffc86cf0000 - 0x00007ffc86d4e000 	C:\windows\SYSTEM32\POWRPROF.dll
0x00007ffc79990000 - 0x00007ffc799c6000 	C:\windows\SYSTEM32\WINMM.dll
0x00007ffc7e9f0000 - 0x00007ffc7e9fb000 	C:\windows\SYSTEM32\VERSION.dll
0x00007ffc86cd0000 - 0x00007ffc86ce4000 	C:\windows\SYSTEM32\UMPDC.dll
0x00007ffc85c20000 - 0x00007ffc85c3b000 	C:\windows\SYSTEM32\kernel.appcore.dll
0x00007ffc76dc0000 - 0x00007ffc76dca000 	C:\Program Files\Eclipse Adoptium\jdk-25.0.3.9-hotspot\bin\jimage.dll
0x00007ffc844b0000 - 0x00007ffc846f2000 	C:\windows\SYSTEM32\DBGHELP.DLL
0x00007ffc889c0000 - 0x00007ffc88d43000 	C:\windows\System32\combase.dll
0x00007ffc887f0000 - 0x00007ffc888c9000 	C:\windows\System32\OLEAUT32.dll
0x00007ffc6f280000 - 0x00007ffc6f2bb000 	C:\windows\SYSTEM32\dbgcore.DLL
0x00007ffc87780000 - 0x00007ffc87828000 	C:\windows\System32\bcryptPrimitives.dll
0x00007ffc76da0000 - 0x00007ffc76dbe000 	C:\Program Files\Eclipse Adoptium\jdk-25.0.3.9-hotspot\bin\java.dll
0x00007ffc88f80000 - 0x00007ffc89118000 	C:\windows\System32\ole32.dll
0x00007ffc89430000 - 0x00007ffc89bb4000 	C:\windows\System32\SHELL32.dll

JVMTI agents: none

dbghelp: loaded successfully - version: 4.0.5 - missing functions: none
symbol engine: initialized successfully - sym options: 0x614 - pdb path: .;C:\Program Files\Eclipse Adoptium\jdk-25.0.3.9-hotspot\bin;C:\windows\SYSTEM32;C:\windows\WinSxS\amd64_microsoft.windows.common-controls_6595b64144ccf1df_6.0.26100.8521_none_3e08b75ce33403b3;C:\Program Files\Eclipse Adoptium\jdk-25.0.3.9-hotspot\bin\server

VM Arguments:
jvm_args: -Djava.awt.headless=true -Dmaven.defaultProjectBuilder.disableGlobalModelCache=true -Ddelegate.ssl.to.ide=true -Didea.version=2026.1.3 -Didea.maven.embedder.version=3.9.11 -Xmx768m -Dsun.rmi.server.exceptionTrace=true -Dmaven.ext.class.path=C:\Users\ELCOT\IntelliJ IDEA 2026.1.3\plugins\maven\lib\intellij.maven.rt\maven-event-listener.jar -Dfile.encoding=UTF-8 -Dsun.stdout.encoding=UTF-8 -Dsun.stderr.encoding=UTF-8 
java_command: org.jetbrains.idea.maven.server.RemoteMavenServer36
java_class_path (initial): C:\Users\ELCOT\IntelliJ IDEA 2026.1.3\plugins\repository-search\lib\maven-model.jar;C:\Users\ELCOT\IntelliJ IDEA 2026.1.3\plugins\maven\lib\maven-server.jar;C:\Users\ELCOT\IntelliJ IDEA 2026.1.3\plugins\maven\lib\intellij.maven.rt\maven-event-listener.jar;C:\Users\ELCOT\IntelliJ IDEA 2026.1.3\lib\opentelemetry.jar;C:\Users\ELCOT\IntelliJ IDEA 2026.1.3\plugins\maven\lib\intellij.maven.server3\archetype-catalog-2.2.jar;C:\Users\ELCOT\IntelliJ IDEA 2026.1.3\plugins\maven\lib\intellij.maven.server3\archetype-common-2.2.jar;C:\Users\ELCOT\IntelliJ IDEA 2026.1.3\plugins\maven\lib\intellij.maven.server3\archetype-descriptor-2.2.jar;C:\Users\ELCOT\IntelliJ IDEA 2026.1.3\plugins\maven\lib\intellij.maven.server3\jackson-core-2.16.0.jar;C:\Users\ELCOT\IntelliJ IDEA 2026.1.3\plugins\maven\lib\intellij.maven.server3\lucene-core-2.4.1.jar;C:\Users\ELCOT\IntelliJ IDEA 2026.1.3\plugins\maven\lib\intellij.maven.server3\maven-dependency-tree-1.2.jar;C:\Users\ELCOT\IntelliJ IDEA 2026.1.3\plugins\maven\lib\intellij.maven.server3\maven-server-telemetry.jar;C:\Users\ELCOT\IntelliJ IDEA 2026.1.3\plugins\maven\lib\intellij.maven.server3\maven3-server-common.jar;C:\Users\ELCOT\IntelliJ IDEA 2026.1.3\plugins\maven\lib\intellij.maven.server3\maven3-server.jar;C:\Users\ELCOT\IntelliJ IDEA 2026.1.3\plugins\maven\lib\intellij.maven.server3\nexus-indexer-3.0.4.jar;C:\Users\ELCOT\IntelliJ IDEA 2026.1.3\plugins\maven\lib\intellij.maven.server3\nexus-indexer-artifact-1.0.1.jar;C:\Users\ELCOT\IntelliJ IDEA 2026.1.3\plugins\maven\lib\intellij.maven.server36\maven36-server.jar;C:\Users\ELCOT\IntelliJ IDEA 2026.1.3\plugins\maven\lib\maven3\lib\aopalliance-1.0.jar;C:\Users\ELCOT\IntelliJ IDEA 2026.1.3\plugins\maven\lib\maven3\lib\asm-9.8.jar;C:\Users\ELCOT\IntelliJ IDEA 2026.1.3\plugins\maven\lib\maven3\lib\commons-cli-1.9.0.jar;C:\Users\ELCOT\IntelliJ IDEA 2026.1.3\plugins\maven\lib\maven3\lib\commons-codec-1.18.0.jar;C:\Users\ELCOT\IntelliJ IDEA 2026.1.3\plugins\maven\lib\maven3\lib\error_prone_annotations-2.38.0.jar;C:\Users\ELCOT\IntelliJ IDEA 2026.1.3\plugins\maven\lib\maven3\lib\failureaccess-1.0.3.jar;C:\Users\ELCOT\IntelliJ IDEA 2026.1.3\plugins\maven\lib\maven3\lib\gson-2.13.1.jar;C:\Users\ELCOT\IntelliJ IDEA 2026.1.3\plugins\maven\lib\maven3\lib\guava-33.4.8-jre.jar;C:\Users\ELCOT\IntelliJ IDEA 2026.1.3\plugins\maven\lib\maven3\lib\guice-5.1.0-classes.jar;C:\Users\ELCOT\IntelliJ IDEA 2026.1.3\plugins\maven\lib\maven3\lib\httpclient-4.5.14.jar;C:\Users\ELCOT\IntelliJ IDEA 2026.1.3\plugins\maven\lib\maven3\lib\httpcore-4.4.16.jar;C:\Users\ELCOT\IntelliJ IDEA 2026.1.3\plugins\maven\lib\maven3\lib\jansi-2.4.2.jar;C:\Users\ELCOT\IntelliJ IDEA 2026.1.3\plugins\maven\lib\maven3\lib\javax.annotation-api-1.3.2.jar;C:\Users\ELCOT\IntelliJ IDEA 2026.1.3\plugins\maven\lib\maven3\lib\javax.inject-1.jar;C:\Users\ELCOT\IntelliJ IDEA 2026.1.3\plugins\maven\lib\maven3\lib\jcl-over-slf4j-1.7.36.jar;C:\Users\ELCOT\IntelliJ IDEA 2026.1.3\plugins\maven\lib\maven3\lib\jspecify-1.0.0.jar;C:\Users\ELCOT\IntelliJ IDEA 2026.1.3\plugins\maven\lib\maven3\lib\maven-artifact-3.9.11.jar;C:\Users\ELCOT\IntelliJ IDEA 2026.1.3\plugins\maven\lib\maven3\lib\maven-builder-support-3.9.11.jar;C:\Users\ELCOT\IntelliJ IDEA 2026.1.3\plugins\maven\lib\maven3\lib\maven-compat-3.9.11.jar;C:\Users\ELCOT\IntelliJ IDEA 2026.1.3\plugins\maven\lib\maven3\lib\maven-core-3.9.11.jar;C:\Users\ELCOT\IntelliJ IDEA 2026.1.3\plugins\maven\lib\maven3\lib\maven-embedder-3.9.11.jar;C:\Users\ELCOT\IntelliJ IDEA 2026.1.3\plugins\maven\lib\maven3\lib\maven-model-3.9.11.jar;C:\Users\ELCOT\IntelliJ IDEA 2026.1.3\plugins\maven\lib\maven3\lib\maven-model-builder-3.9.11.jar;C:\Users\ELCOT\IntelliJ IDEA 2026.1.3\plugins\maven\lib\maven3\lib\maven-plugin-api-3.9.11.jar;C:\Users\ELCOT\IntelliJ IDEA 2026.1.3\plugins\maven\lib\maven3\lib\maven-repository-metadata-3.9.11.jar;C:\Users\ELCOT\IntelliJ IDEA 2026.1.3\plugins\maven\lib\maven3\lib\maven-resolver-api-1.9.24.jar;C:\Users\ELCOT\IntelliJ IDEA 2026.1.3\plugins\maven\lib\maven3\lib\maven-resolver-connector-basic-1.9.24.jar;C:\Users\ELCOT\IntelliJ IDEA 2026.1.3\plugins\maven\lib\maven3\lib\maven-resolver-impl-1.9.24.jar;C:\Users\ELCOT\IntelliJ IDEA 2026.1.3\plugins\maven\lib\maven3\lib\maven-resolver-named-locks-1.9.24.jar;C:\Users\ELCOT\IntelliJ IDEA 2026.1.3\plugins\maven\lib\maven3\lib\maven-resolver-provider-3.9.11.jar;C:\Users\ELCOT\IntelliJ IDEA 2026.1.3\plugins\maven\lib\maven3\lib\maven-resolver-spi-1.9.24.jar;C:\Users\ELCOT\IntelliJ IDEA 2026.1.3\plugins\maven\lib\maven3\lib\maven-resolver-transport-file-1.9.24.jar;C:\Users\ELCOT\IntelliJ IDEA 2026.1.3\plugins\maven\lib\maven3\lib\maven-resolver-transport-http-1.9.24.jar;C:\Users\ELCOT\IntelliJ IDEA 2026.1.3\plugins\maven\lib\maven3\lib\maven-resolver-transport-wagon-1.9.24.jar;C:\Users\ELCOT\IntelliJ IDEA 2026.1.3\plugins\maven\lib\maven3\lib\maven-resolver-util-1.9.24.jar;C:\Users\ELCOT\IntelliJ IDEA 2026.1.3\plugins\maven\lib\maven3\lib\maven-settings-3.9.11.jar;C:\Users\ELCOT\IntelliJ IDEA 2026.1.3\plugins\maven\lib\maven3\lib\maven-settings-builder-3.9.11.jar;C:\Users\ELCOT\IntelliJ IDEA 2026.1.3\plugins\maven\lib\maven3\lib\maven-shared-utils-3.4.2.jar;C:\Users\ELCOT\IntelliJ IDEA 2026.1.3\plugins\maven\lib\maven3\lib\org.eclipse.sisu.inject-0.9.0.M4.jar;C:\Users\ELCOT\IntelliJ IDEA 2026.1.3\plugins\maven\lib\maven3\lib\org.eclipse.sisu.plexus-0.9.0.M4.jar;C:\Users\ELCOT\IntelliJ IDEA 2026.1.3\plugins\maven\lib\maven3\lib\plexus-cipher-2.0.jar;C:\Users\ELCOT\IntelliJ IDEA 2026.1.3\plugins\maven\lib\maven3\lib\plexus-component-annotations-2.2.0.jar;C:\Users\ELCOT\IntelliJ IDEA 2026.1.3\plugins\maven\lib\maven3\lib\plexus-interpolation-1.28.jar;C:\Users\ELCOT\IntelliJ IDEA 2026.1.3\plugins\maven\lib\maven3\lib\plexus-sec-dispatcher-2.0.jar;C:\Users\ELCOT\IntelliJ IDEA 2026.1.3\plugins\maven\lib\maven3\lib\plexus-utils-3.6.0.jar;C:\Users\ELCOT\IntelliJ IDEA 2026.1.3\plugins\maven\lib\maven3\lib\slf4j-api-1.7.36.jar;C:\Users\ELCOT\IntelliJ IDEA 2026.1.3\plugins\maven\lib\maven3\lib\wagon-file-3.5.3.jar;C:\Users\ELCOT\IntelliJ IDEA 2026.1.3\plugins\maven\lib\maven3\lib\wagon-http-3.5.3.jar;C:\Users\ELCOT\IntelliJ IDEA 2026.1.3\plugins\maven\lib\maven3\lib\wagon-http-shared-3.5.3.jar;C:\Users\ELCOT\IntelliJ IDEA 2026.1.3\plugins\maven\lib\maven3\lib\wagon-provider-api-3.5.3.jar;C:\Users\ELCOT\IntelliJ IDEA 2026.1.3\plugins\maven\lib\maven3\boot\plexus-classworlds-2.9.0.jar;C:\Users\ELCOT\IntelliJ IDEA 2026.1.3\plugins\maven\lib\maven3\boot\plexus-classworlds.license;C:\Users\ELCOT\IntelliJ IDEA 2026.1.3\lib\util_rt.jar;C:\Users\ELCOT\IntelliJ IDEA 2026.1.3\lib\annotations.jar;C:\Users\ELCOT\IntelliJ IDEA 2026.1.3\lib\util-8.jar
Launcher Type: SUN_STANDARD

[Global flags]
     intx CICompilerCount                          = 4                                         {product} {ergonomic}
     uint ConcGCThreads                            = 2                                         {product} {ergonomic}
     uint G1ConcRefinementThreads                  = 8                                         {product} {ergonomic}
   size_t G1HeapRegionSize                         = 1048576                                   {product} {ergonomic}
   size_t InitialHeapSize                          = 121634816                                 {product} {ergonomic}
   size_t MarkStackSize                            = 4194304                                   {product} {ergonomic}
   size_t MarkStackSizeMax                         = 536870912                                 {product} {ergonomic}
   size_t MaxHeapSize                              = 805306368                                 {product} {command line}
   size_t MinHeapDeltaBytes                        = 1048576                                   {product} {ergonomic}
   size_t MinHeapSize                              = 8388608                                   {product} {ergonomic}
    uintx NonNMethodCodeHeapSize                   = 5898240                                {pd product} {ergonomic}
    uintx NonProfiledCodeHeapSize                  = 122945536                              {pd product} {ergonomic}
    uintx ProfiledCodeHeapSize                     = 122945536                              {pd product} {ergonomic}
    uintx ReservedCodeCacheSize                    = 251789312                              {pd product} {ergonomic}
     bool SegmentedCodeCache                       = true                                      {product} {ergonomic}
   size_t SoftMaxHeapSize                          = 805306368                              {manageable} {ergonomic}
     bool UseCompressedOops                        = true                           {product lp64_product} {ergonomic}
     bool UseG1GC                                  = true                                      {product} {ergonomic}
     bool UseLargePagesIndividualAllocation        = false                                  {pd product} {ergonomic}

Logging:
Log output configuration:
 #0: stdout all=warning uptime,level,tags foldmultilines=false
 #1: stderr all=off uptime,level,tags foldmultilines=false

Release file:
<release file has not been read>
Environment Variables:
PATH=C:\Program Files\Eclipse Adoptium\jdk-25.0.3.9-hotspot\bin;C:\windows\system32;C:\windows;C:\windows\System32\Wbem;C:\windows\System32\WindowsPowerShell\v1.0\;C:\windows\System32\OpenSSH\;C:\Program Files\dotnet\;C:\Program Files\Git\cmd;C:\Users\ELCOT\AppData\Local\Microsoft\WindowsApps;C:\Users\ELCOT\AppData\Local\Programs\Microsoft VS Code\bin;C:\Users\ELCOT\AppData\Local\GitHubDesktop\bin
USERNAME=ELCOT
OS=Windows_NT
PROCESSOR_IDENTIFIER=AMD64 Family 23 Model 160 Stepping 0, AuthenticAMD
TMP=C:\Users\ELCOT\AppData\Local\Temp
TEMP=C:\Users\ELCOT\AppData\Local\Temp




Compilation memory statistics disabled.

Periodic native trim disabled

---------------  S Y S T E M  ---------------

OS:
 Windows 11 , 64 bit Build 26100 (10.0.26100.8521)
OS uptime: 0 days 1:36 hours
Hyper-V role detected

CPU: total 8 (initial active 8) (8 cores per cpu, 2 threads per core) family 23 model 160 stepping 0 microcode 0x8a0000a, cx8, cmov, fxsr, ht, mmx, 3dnowpref, sse, sse2, sse3, ssse3, sse4a, sse4.1, sse4.2, popcnt, lzcnt, tsc, tscinvbit, avx, avx2, aes, clmul, bmi1, bmi2, adx, sha, fma, vzeroupper, clflush, clflushopt, clwb, hv, rdtscp, rdpid, f16c
Processor Information for the first 8 processors :
  Max Mhz: 2401, Current Mhz: 2401, Mhz Limit: 2401

Memory: 4k page, system-wide physical 7379M (777M free)
TotalPageFile size 13646M (AvailPageFile size 32M)
current process WorkingSet (physical memory assigned to process): 14M, peak: 14M
current process commit charge ("private bytes"): 60M, peak: 176M

vm_info: OpenJDK 64-Bit Server VM (25.0.3+9-LTS) for windows-amd64 JRE (25.0.3+9-LTS), built on 2026-04-21T00:00:00Z with MS VC++ 17.12 (VS2022)

END.
