#
# There is insufficient memory for the Java Runtime Environment to continue.
# Native memory allocation (mmap) failed to map 121634816 bytes. Error detail: G1 virtual space
# Possible reasons:
#   The system is out of physical RAM or swap space
#   This process is running with CompressedOops enabled, and the Java Heap may be blocking the growth of the native heap
# Possible solutions:
#   Reduce memory load on the system
#   Increase physical memory or swap space
#   Check if swap backing store is full
#   Decrease Java heap size (-Xmx/-Xms)
#   Decrease number of Java threads
#   Decrease Java thread stack sizes (-Xss)
#   Set larger code cache with -XX:ReservedCodeCacheSize=
#   JVM is running with Unscaled Compressed Oops mode in which the Java heap is
#     placed in the first 4GB address space. The Java Heap base address is the
#     maximum limit for the native heap growth. Please use -XX:HeapBaseMinAddress
#     to set the Java Heap base and to place the Java Heap above 4GB virtual address.
# This output file may be truncated or incomplete.
#
#  Out of Memory Error (os_windows.cpp:3766), pid=20280, tid=18940
#
# JRE version:  (25.0.3+1) (build )
# Java VM: OpenJDK 64-Bit Server VM (25.0.3+1-b329.124, mixed mode, sharing, tiered, compressed oops, compressed class ptrs, g1 gc, windows-amd64)
# No core dump will be written. Minidumps are not enabled by default on client versions of Windows
#

---------------  S U M M A R Y ------------

Command Line: -Djava.io.tmpdir=C:\Users\ELCOT\AppData\Local\JetBrains\IntelliJIdea2026.1\tmp\statistics-uploader com.intellij.internal.statistic.uploader.EventLogUploader --ide-token C:\Users\ELCOT\AppData\Local\JetBrains\IntelliJIdea2026.1\token --recorders FUS;MP;ML --device-fus 2906261c0a6192b-f2bc-414f-b1c3-d4f207e08c26 --bucket-fus 90 --machine-fus 25a634830c722fadb5c3b99fa09695ec0ca66d82edfe46b439d7bdf0342ca6a0 --id-revision-fus 0 --files-fus C:\Users\ELCOT\AppData\Local\JetBrains\IntelliJIdea2026.1\event-log-data\logs\FUS\17a5-4970-85d5-bf0f2df87108-261.25134.95-release.log --escape-fus false --device-mp 29062619d638818-6591-407e-8825-913b52284289 --bucket-mp 152 --machine-mp 1b94dc845bed11f249c5644400cbf362cbb0915c492e254053b327b487b3c837 --id-revision-mp 0 --files-mp C:\Users\ELCOT\AppData\Local\JetBrains\IntelliJIdea2026.1\event-log-data\logs\MP\4730-4989-819c-1b2c35bec7dd-261.25134.95-release.log;C:\Users\ELCOT\AppData\Local\JetBrains\IntelliJIdea2026.1\event-log-data\logs\MP\f7c7-4838-87a7-6de4965fe66b-261.25134.95-release.log --escape-mp false --device-ml 2906261c0a6192b-f2bc-414f-b1c3-d4f207e08c26 --bucket-ml 90 --machine-ml 25a634830c722fadb5c3b99fa09695ec0ca66d82edfe46b439d7bdf0342ca6a0 --id-revision-ml 0 --files-ml C:\Users\ELCOT\AppData\Local\JetBrains\IntelliJIdea2026.1\event-log-data\logs\ML\dd3e-4702-a0bf-aa2650ce74de-261.25134.95-release.log --escape-ml false --regional-code not_set --product IU --product-version 2026.1.3 --baseline-version 261 --user-agent IntelliJ IDEA/261.25134.95 --extra-headers 

Host: AMD Ryzen 3 7320U with Radeon Graphics         , 8 cores, 7G,  Windows 11 , 64 bit Build 26100 (10.0.26100.8521)
Time: Tue Jun 30 10:24:58 2026 India Standard Time elapsed time: 0.075584 seconds (0d 0h 0m 0s)

---------------  T H R E A D  ---------------

Current thread (0x0000016d3c484990):  JavaThread "Unknown thread" [_thread_in_vm, id=18940, stack(0x000000352af00000,0x000000352b000000) (1024K)]

Stack: [0x000000352af00000,0x000000352b000000]
Native frames: (J=compiled Java code, j=interpreted, Vv=VM code, C=native code)
V  [jvm.dll+0x7c2709]  (no source info available)
V  [jvm.dll+0x78bdfd]  (no source info available)
V  [jvm.dll+0xa10353]  (no source info available)
V  [jvm.dll+0xa12b4c]  (no source info available)
V  [jvm.dll+0xa13243]  (no source info available)
V  [jvm.dll+0x308006]  (no source info available)
V  [jvm.dll+0x7be915]  (no source info available)
V  [jvm.dll+0x7b18c7]  (no source info available)
V  [jvm.dll+0x40211e]  (no source info available)
V  [jvm.dll+0x409f3b]  (no source info available)
V  [jvm.dll+0x3f6779]  (no source info available)
V  [jvm.dll+0x3f6a2b]  (no source info available)
V  [jvm.dll+0x3cca63]  (no source info available)
V  [jvm.dll+0x3cd6ce]  (no source info available)
V  [jvm.dll+0x9d66c7]  (no source info available)
V  [jvm.dll+0x467862]  (no source info available)
V  [jvm.dll+0x9b9df9]  (no source info available)
V  [jvm.dll+0x509c91]  (no source info available)
V  [jvm.dll+0x50b601]  (no source info available)
C  [jli.dll+0x5422]  (no source info available)
C  [ucrtbase.dll+0x2cd30]  (no source info available)
C  [KERNEL32.DLL+0x2e957]  (no source info available)
C  [ntdll.dll+0x87c1c]  (no source info available)

Lock stack of current Java thread (top to bottom):


---------------  P R O C E S S  ---------------

Threads class SMR info:
_java_thread_list=0x00007fffe0cfc108, length=0, elements={
}

Java Threads: ( => current thread )
Total: 0

Other Threads:
  0x0000016d3e8e9a80 WorkerThread "GC Thread#0"                     [id=6484, stack(0x000000352b000000,0x000000352b100000) (1024K)]
  0x0000016d3e900570 ConcurrentGCThread "G1 Main Marker"            [id=6564, stack(0x000000352b100000,0x000000352b200000) (1024K)]
  0x0000016d3e901110 WorkerThread "G1 Conc#0"                       [id=2488, stack(0x000000352b200000,0x000000352b300000) (1024K)]

[error occurred during error reporting (printing all threads), id 0xc0000005, EXCEPTION_ACCESS_VIOLATION (0xc0000005) at pc=0x00007fffe031183a]
VM state: not at safepoint (not fully initialized)

VM Mutex/Monitor currently owned by a thread:  ([mutex/lock_event])
[0x00007fffe0d85000] Heap_lock - owner thread: 0x0000016d3c484990

Heap address: 0x000000008ca00000, size: 1846 MB, Compressed Oops mode: 32-bit

CDS archive(s) mapped at: [0x0000000000000000-0x0000000000000000-0x0000000000000000), size 0, SharedBaseAddress: 0x0000000800000000, ArchiveRelocationMode: 1.
UseCompressedClassPointers 1, UseCompactObjectHeaders 0
Narrow klass pointer bits 32, Max shift 3
Narrow klass base: 0xffffffffffffffff, Narrow klass shift: -1
Encoding Range: [0xffffffffffffffff - 0x000000007fffffff), (2147483648 bytes)
Klass Range:    [0x0000000000000000 - 0x0000000000000000), (0 bytes)
Klass ID Range:  [4294967295 - 0) (1)
No protection zone.

GC Precious Log:
 CardTable entry size: 512
 Card Set container configuration: InlinePtr #cards 5 size 8 Array Of Cards #cards 10 size 36 Howl #buckets 4 coarsen threshold 1843 Howl Bitmap #cards 512 size 80 coarsen threshold 460 Card regions per heap region 1 cards per card region 2048

Heap:
 garbage-first heap   total reserved 1890304K, committed 0K, used 0K [0x000000008ca00000, 0x0000000100000000)
  region size 1024K, 0 young (0K), 0 survivors (0K)

Heap Regions: E=young(eden), S=young(survivor), O=old, HS=humongous(starts), HC=humongous(continues), CS=collection set, F=free, TAMS=top-at-mark-start, PB=parsable bottom

Card table byte_map: [0x0000016d52380000,0x0000016d52720000] _byte_map_base: 0x0000016d51f1b000

Marking Bits: (CMBitMap*) 0x0000016d3e8ea210
 Bits: [0x0000016d52720000, 0x0000016d543f8000)

GC Heap Usage History (0 events):
No events

Metaspace Usage History (0 events):
No events

Dll operation events (1 events):
Event: 0.050 Loaded shared library C:\Users\ELCOT\IntelliJ IDEA 2026.1.3\jbr\bin\java.dll

Deoptimization events (0 events):
No events

Classes loaded (0 events):
No events

Classes unloaded (0 events):
No events

Classes redefined (0 events):
No events

Internal exceptions (0 events):
No events

VM Operations (0 events):
No events

Memory protections (0 events):
No events

Nmethod flushes (0 events):
No events

Events (0 events):
No events


Dynamic libraries:
0x00007ff733430000 - 0x00007ff73343a000 	C:\Users\ELCOT\IntelliJ IDEA 2026.1.3\jbr\bin\java.exe
0x00007ff86b7e0000 - 0x00007ff86ba46000 	C:\windows\SYSTEM32\ntdll.dll
0x00007ff86a330000 - 0x00007ff86a3f9000 	C:\windows\System32\KERNEL32.DLL
0x00007ff869120000 - 0x00007ff86951a000 	C:\windows\System32\KERNELBASE.dll
0x00007ff868a70000 - 0x00007ff868bbc000 	C:\windows\System32\ucrtbase.dll
0x00007ff8552c0000 - 0x00007ff8552d7000 	C:\Users\ELCOT\IntelliJ IDEA 2026.1.3\jbr\bin\jli.dll
0x00007ff869550000 - 0x00007ff869717000 	C:\windows\System32\USER32.dll
0x00007ff869520000 - 0x00007ff869547000 	C:\windows\System32\win32u.dll
0x00007ff86aae0000 - 0x00007ff86ab0b000 	C:\windows\System32\GDI32.dll
0x00007ff863190000 - 0x00007ff8631ae000 	C:\Users\ELCOT\IntelliJ IDEA 2026.1.3\jbr\bin\VCRUNTIME140.dll
0x00007ff868bc0000 - 0x00007ff868ceb000 	C:\windows\System32\gdi32full.dll
0x00007ff857280000 - 0x00007ff857512000 	C:\windows\WinSxS\amd64_microsoft.windows.common-controls_6595b64144ccf1df_6.0.26100.8521_none_3e08b75ce33403b3\COMCTL32.dll
0x00007ff868f20000 - 0x00007ff868fc3000 	C:\windows\System32\msvcp_win.dll
0x00007ff86b6f0000 - 0x00007ff86b799000 	C:\windows\System32\msvcrt.dll
0x00007ff86a610000 - 0x00007ff86a642000 	C:\windows\System32\IMM32.DLL
0x00007ff8631c0000 - 0x00007ff8631cc000 	C:\Users\ELCOT\IntelliJ IDEA 2026.1.3\jbr\bin\vcruntime140_1.dll
0x00007ff858b30000 - 0x00007ff858bb9000 	C:\Users\ELCOT\IntelliJ IDEA 2026.1.3\jbr\bin\msvcp140.dll
0x00007fffdff30000 - 0x00007fffe0e85000 	C:\Users\ELCOT\IntelliJ IDEA 2026.1.3\jbr\bin\server\jvm.dll
0x00007ff86b630000 - 0x00007ff86b6e6000 	C:\windows\System32\ADVAPI32.dll
0x00007ff86a190000 - 0x00007ff86a23a000 	C:\windows\System32\sechost.dll
0x00007ff86b4a0000 - 0x00007ff86b5b8000 	C:\windows\System32\RPCRT4.dll
0x00007ff8697a0000 - 0x00007ff869820000 	C:\windows\System32\WS2_32.dll
0x00007ff8688d0000 - 0x00007ff86892e000 	C:\windows\SYSTEM32\POWRPROF.dll
0x00007ff85ba30000 - 0x00007ff85ba66000 	C:\windows\SYSTEM32\WINMM.dll
0x00007ff85fd20000 - 0x00007ff85fd2b000 	C:\windows\SYSTEM32\VERSION.dll
0x00007ff8688b0000 - 0x00007ff8688c4000 	C:\windows\SYSTEM32\UMPDC.dll
0x00007ff867800000 - 0x00007ff86781b000 	C:\windows\SYSTEM32\kernel.appcore.dll
0x00007ff859b70000 - 0x00007ff859b7a000 	C:\Users\ELCOT\IntelliJ IDEA 2026.1.3\jbr\bin\jimage.dll
0x00007ff866090000 - 0x00007ff8662d2000 	C:\windows\SYSTEM32\DBGHELP.DLL
0x00007ff8698f0000 - 0x00007ff869c73000 	C:\windows\System32\combase.dll
0x00007ff86a250000 - 0x00007ff86a329000 	C:\windows\System32\OLEAUT32.dll
0x00007ff84f1b0000 - 0x00007ff84f1eb000 	C:\windows\SYSTEM32\dbgcore.DLL
0x00007ff868e70000 - 0x00007ff868f18000 	C:\windows\System32\bcryptPrimitives.dll
0x00007ff859b50000 - 0x00007ff859b6f000 	C:\Users\ELCOT\IntelliJ IDEA 2026.1.3\jbr\bin\java.dll
0x00007ff869cb0000 - 0x00007ff869e48000 	C:\windows\System32\ole32.dll
0x00007ff86ab10000 - 0x00007ff86b294000 	C:\windows\System32\SHELL32.dll

JVMTI agents: none

dbghelp: loaded successfully - version: 4.0.5 - missing functions: none
symbol engine: initialized successfully - sym options: 0x614 - pdb path: .;C:\Users\ELCOT\IntelliJ IDEA 2026.1.3\jbr\bin;C:\windows\SYSTEM32;C:\windows\WinSxS\amd64_microsoft.windows.common-controls_6595b64144ccf1df_6.0.26100.8521_none_3e08b75ce33403b3;C:\Users\ELCOT\IntelliJ IDEA 2026.1.3\jbr\bin\server

VM Arguments:
jvm_args: -Djava.io.tmpdir=C:\Users\ELCOT\AppData\Local\JetBrains\IntelliJIdea2026.1\tmp\statistics-uploader 
java_command: com.intellij.internal.statistic.uploader.EventLogUploader --ide-token C:\Users\ELCOT\AppData\Local\JetBrains\IntelliJIdea2026.1\token --recorders FUS;MP;ML --device-fus 2906261c0a6192b-f2bc-414f-b1c3-d4f207e08c26 --bucket-fus 90 --machine-fus 25a634830c722fadb5c3b99fa09695ec0ca66d82edfe46b439d7bdf0342ca6a0 --id-revision-fus 0 --files-fus C:\Users\ELCOT\AppData\Local\JetBrains\IntelliJIdea2026.1\event-log-data\logs\FUS\17a5-4970-85d5-bf0f2df87108-261.25134.95-release.log --escape-fus false --device-mp 29062619d638818-6591-407e-8825-913b52284289 --bucket-mp 152 --machine-mp 1b94dc845bed11f249c5644400cbf362cbb0915c492e254053b327b487b3c837 --id-revision-mp 0 --files-mp C:\Users\ELCOT\AppData\Local\JetBrains\IntelliJIdea2026.1\event-log-data\logs\MP\4730-4989-819c-1b2c35bec7dd-261.25134.95-release.log;C:\Users\ELCOT\AppData\Local\JetBrains\IntelliJIdea2026.1\event-log-data\logs\MP\f7c7-4838-87a7-6de4965fe66b-261.25134.95-release.log --escape-mp false --device-ml 2906261c0a6192b-f2bc-414f-b1c3-d4f207e08c26 --bucket-ml 90 --machine-ml 25a634830c722fadb5c3b99fa09695ec0ca66d82edfe46b439d7bdf0342ca6a0 --id-revision-ml 0 --files-ml C:\Users\ELCOT\AppData\Local\JetBrains\IntelliJIdea2026.1\event-log-data\logs\ML\dd3e-4702-a0bf-aa2650ce74de-261.25134.95-release.log --escape-ml false --regional-code not_set --product IU --product-version 2026.1.3 --baseline-version 261 --user-agent IntelliJ IDEA/261.25134.95 --extra-headers 
java_class_path (initial): C:\Users\ELCOT\IntelliJ IDEA 2026.1.3\lib\util-8.jar;C:\Users\ELCOT\IntelliJ IDEA 2026.1.3\lib\annotations.jar;C:\Users\ELCOT\IntelliJ IDEA 2026.1.3\lib\intellij.libraries.jackson.jar;C:\Users\ELCOT\IntelliJ IDEA 2026.1.3\lib\intellij.libraries.jackson.databind.jar;C:\Users\ELCOT\IntelliJ IDEA 2026.1.3\lib\intellij.libraries.jackson.module.kotlin.jar;C:\Users\ELCOT\IntelliJ IDEA 2026.1.3\lib\intellij.libraries.kotlin.reflect.jar;C:\Users\ELCOT\IntelliJ IDEA 2026.1.3\lib\lib.jar;C:\Users\ELCOT\IntelliJ IDEA 2026.1.3\lib\stats.jar;C:\Users\ELCOT\IntelliJ IDEA 2026.1.3\lib\intellij.libraries.kotlinx.serialization.json.jar;C:\Users\ELCOT\IntelliJ IDEA 2026.1.3\lib\intellij.libraries.kotlinx.serialization.core.jar;C:\Users\ELCOT\IntelliJ IDEA 2026.1.3\lib\stats.jar
Launcher Type: SUN_STANDARD

[Global flags]
     intx CICompilerCount                          = 4                                         {product} {ergonomic}
     uint ConcGCThreads                            = 2                                         {product} {ergonomic}
     uint G1ConcRefinementThreads                  = 8                                         {product} {ergonomic}
   size_t G1HeapRegionSize                         = 1048576                                   {product} {ergonomic}
   size_t InitialHeapSize                          = 121634816                                 {product} {ergonomic}
   size_t MarkStackSize                            = 4194304                                   {product} {ergonomic}
   size_t MarkStackSizeMax                         = 536870912                                 {product} {ergonomic}
   size_t MaxHeapSize                              = 1935671296                                {product} {ergonomic}
   size_t MinHeapDeltaBytes                        = 1048576                                   {product} {ergonomic}
   size_t MinHeapSize                              = 8388608                                   {product} {ergonomic}
    uintx NonNMethodCodeHeapSize                   = 5898240                                {pd product} {ergonomic}
    uintx NonProfiledCodeHeapSize                  = 122945536                              {pd product} {ergonomic}
    uintx ProfiledCodeHeapSize                     = 122945536                              {pd product} {ergonomic}
    uintx ReservedCodeCacheSize                    = 251789312                              {pd product} {ergonomic}
     bool SegmentedCodeCache                       = true                                      {product} {ergonomic}
   size_t SoftMaxHeapSize                          = 1935671296                             {manageable} {ergonomic}
     bool UseCompressedOops                        = true                           {product lp64_product} {ergonomic}
     bool UseG1GC                                  = true                                      {product} {ergonomic}
     bool UseLargePagesIndividualAllocation        = false                                  {pd product} {ergonomic}

Logging:
Log output configuration:
 #0: stdout all=warning uptime,level,tags foldmultilines=false
 #1: stderr all=off uptime,level,tags foldmultilines=false

Release file:
<release file has not been read>
Environment Variables:
PATH=C:\Program Files\Eclipse Adoptium\jdk-25.0.3.9-hotspot\bin;C:\windows\system32;C:\windows;C:\windows\System32\Wbem;C:\windows\System32\WindowsPowerShell\v1.0\;C:\windows\System32\OpenSSH\;C:\Program Files\dotnet\;C:\Program Files\Git\cmd;C:\Users\ELCOT\AppData\Local\Microsoft\WindowsApps;C:\Users\ELCOT\AppData\Local\Programs\Microsoft VS Code\bin;C:\Users\ELCOT\AppData\Local\GitHubDesktop\bin
USERNAME=ELCOT
OS=Windows_NT
PROCESSOR_IDENTIFIER=AMD64 Family 23 Model 160 Stepping 0, AuthenticAMD
TMP=C:\Users\ELCOT\AppData\Local\Temp
TEMP=C:\Users\ELCOT\AppData\Local\Temp




Compilation memory statistics disabled.

Periodic native trim disabled

JNI global refs:
JNI global refs: 0, weak refs: 0

JNI global refs memory usage: 0, weak refs: 0

Process memory usage:
Resident Set Size: 15440K (0% of 7556860K total physical memory with 345400K free physical memory)

OOME stack traces (most recent first):
Classloader memory used:

---------------  S Y S T E M  ---------------

OS:
 Windows 11 , 64 bit Build 26100 (10.0.26100.8521)
OS uptime: 0 days 12:52 hours
Hyper-V role detected

CPU: total 8 (initial active 8) (8 cores per cpu, 2 threads per core) family 23 model 160 stepping 0 microcode 0x8a0000a, cx8, cmov, fxsr, ht, mmx, 3dnowpref, sse, sse2, sse3, ssse3, sse4a, sse4.1, sse4.2, popcnt, lzcnt, tsc, tscinvbit, avx, avx2, aes, clmul, bmi1, bmi2, adx, sha, fma, vzeroupper, clflush, clflushopt, clwb, hv, rdtscp, rdpid, f16c
Processor Information for the first 8 processors :
  Max Mhz: 2401, Current Mhz: 2401, Mhz Limit: 2401

Memory: 4k page, system-wide physical 7379M (336M free)
TotalPageFile size 12908M (AvailPageFile size 41M)
current process WorkingSet (physical memory assigned to process): 15M, peak: 15M
current process commit charge ("private bytes"): 60M, peak: 176M

vm_info: OpenJDK 64-Bit Server VM (25.0.3+1-b329.124) for windows-amd64 JRE (25.0.3+1-b329.124), built on 2026-04-30 with MS VC++ 17.14 (VS2022)

END.
